Release 13.2 - xst O.61xd (nt64)
Copyright (c) 1995-2011 Xilinx, Inc.  All rights reserved.
--> Parameter TMPDIR set to xst/projnav.tmp


Total REAL time to Xst completion: 0.00 secs
Total CPU time to Xst completion: 0.08 secs
 
--> Parameter xsthdpdir set to xst


Total REAL time to Xst completion: 0.00 secs
Total CPU time to Xst completion: 0.08 secs
 
--> Reading design: register_file.prj

TABLE OF CONTENTS
  1) Synthesis Options Summary
  2) HDL Compilation
  3) Design Hierarchy Analysis
  4) HDL Analysis
  5) HDL Synthesis
     5.1) HDL Synthesis Report
  6) Advanced HDL Synthesis
     6.1) Advanced HDL Synthesis Report
  7) Low Level Synthesis
  8) Partition Report
  9) Final Report
	9.1) Device utilization summary
	9.2) Partition Resource Summary
	9.3) TIMING REPORT


=========================================================================
*                      Synthesis Options Summary                        *
=========================================================================
---- Source Parameters
Input File Name                    : "register_file.prj"
Input Format                       : mixed
Ignore Synthesis Constraint File   : NO

---- Target Parameters
Output File Name                   : "register_file"
Output Format                      : NGC
Target Device                      : xc3s700a-4-fg484

---- Source Options
Top Module Name                    : register_file
Automatic FSM Extraction           : YES
FSM Encoding Algorithm             : Auto
Safe Implementation                : No
FSM Style                          : LUT
RAM Extraction                     : Yes
RAM Style                          : Auto
ROM Extraction                     : Yes
Mux Style                          : Auto
Decoder Extraction                 : YES
Priority Encoder Extraction        : Yes
Shift Register Extraction          : YES
Logical Shifter Extraction         : YES
XOR Collapsing                     : YES
ROM Style                          : Auto
Mux Extraction                     : Yes
Resource Sharing                   : YES
Asynchronous To Synchronous        : NO
Multiplier Style                   : Auto
Automatic Register Balancing       : No

---- Target Options
Add IO Buffers                     : YES
Global Maximum Fanout              : 500
Add Generic Clock Buffer(BUFG)     : 24
Register Duplication               : YES
Slice Packing                      : YES
Optimize Instantiated Primitives   : NO
Use Clock Enable                   : Yes
Use Synchronous Set                : Yes
Use Synchronous Reset              : Yes
Pack IO Registers into IOBs        : Auto
Equivalent register Removal        : YES

---- General Options
Optimization Goal                  : Speed
Optimization Effort                : 1
Keep Hierarchy                     : No
Netlist Hierarchy                  : As_Optimized
RTL Output                         : Yes
Global Optimization                : AllClockNets
Read Cores                         : YES
Write Timing Constraints           : NO
Cross Clock Analysis               : NO
Hierarchy Separator                : /
Bus Delimiter                      : <>
Case Specifier                     : Maintain
Slice Utilization Ratio            : 100
BRAM Utilization Ratio             : 100
Verilog 2001                       : YES
Auto BRAM Packing                  : NO
Slice Utilization Ratio Delta      : 5

=========================================================================


=========================================================================
*                          HDL Compilation                              *
=========================================================================
Compiling vhdl file "//tholos.itserv.scss.tcd.ie/ugrad/jfitzpa1/CS/Archit/BLab1/decoder_3to8.vhd" in Library work.
Architecture behavioral of Entity decoder_3to8 is up to date.
Compiling vhdl file "//tholos.itserv.scss.tcd.ie/ugrad/jfitzpa1/CS/Archit/BLab1/mux2_2_1_4_bit.vhd" in Library work.
Architecture behavioral of Entity mux2_2_1_4_bit is up to date.
Compiling vhdl file "//tholos.itserv.scss.tcd.ie/ugrad/jfitzpa1/CS/Archit/BLab1/mux8.vhd" in Library work.
Architecture behavioral of Entity mux8 is up to date.
Compiling vhdl file "//tholos.itserv.scss.tcd.ie/ugrad/jfitzpa1/CS/Archit/BLab1/dataSrcB.vhd" in Library work.
Architecture behavioral of Entity datasrcb is up to date.
Compiling vhdl file "//tholos.itserv.scss.tcd.ie/ugrad/jfitzpa1/CS/Archit/BLab1/register_file.vhd" in Library work.
Architecture behavioral of Entity register_file is up to date.

=========================================================================
*                     Design Hierarchy Analysis                         *
=========================================================================
Analyzing hierarchy for entity <register_file> in library <work> (architecture <behavioral>).

Analyzing hierarchy for entity <decoder_3to8> in library <work> (architecture <behavioral>).

Analyzing hierarchy for entity <mux2_2_1_4_bit> in library <work> (architecture <behavioral>).

Analyzing hierarchy for entity <mux8> in library <work> (architecture <behavioral>).

Analyzing hierarchy for entity <dataSrcB> in library <work> (architecture <behavioral>).


=========================================================================
*                            HDL Analysis                               *
=========================================================================
Analyzing Entity <register_file> in library <work> (Architecture <behavioral>).
WARNING:Xst:2211 - "//tholos.itserv.scss.tcd.ie/ugrad/jfitzpa1/CS/Archit/BLab1/register_file.vhd" line 130: Instantiating black box module <reg16>.
WARNING:Xst:2211 - "//tholos.itserv.scss.tcd.ie/ugrad/jfitzpa1/CS/Archit/BLab1/register_file.vhd" line 136: Instantiating black box module <reg16>.
WARNING:Xst:2211 - "//tholos.itserv.scss.tcd.ie/ugrad/jfitzpa1/CS/Archit/BLab1/register_file.vhd" line 142: Instantiating black box module <reg16>.
WARNING:Xst:2211 - "//tholos.itserv.scss.tcd.ie/ugrad/jfitzpa1/CS/Archit/BLab1/register_file.vhd" line 148: Instantiating black box module <reg16>.
WARNING:Xst:2211 - "//tholos.itserv.scss.tcd.ie/ugrad/jfitzpa1/CS/Archit/BLab1/register_file.vhd" line 154: Instantiating black box module <reg16>.
WARNING:Xst:2211 - "//tholos.itserv.scss.tcd.ie/ugrad/jfitzpa1/CS/Archit/BLab1/register_file.vhd" line 160: Instantiating black box module <reg16>.
WARNING:Xst:2211 - "//tholos.itserv.scss.tcd.ie/ugrad/jfitzpa1/CS/Archit/BLab1/register_file.vhd" line 166: Instantiating black box module <reg16>.
WARNING:Xst:2211 - "//tholos.itserv.scss.tcd.ie/ugrad/jfitzpa1/CS/Archit/BLab1/register_file.vhd" line 172: Instantiating black box module <reg16>.
Entity <register_file> analyzed. Unit <register_file> generated.

Analyzing Entity <decoder_3to8> in library <work> (Architecture <behavioral>).
Entity <decoder_3to8> analyzed. Unit <decoder_3to8> generated.

Analyzing Entity <mux2_2_1_4_bit> in library <work> (Architecture <behavioral>).
Entity <mux2_2_1_4_bit> analyzed. Unit <mux2_2_1_4_bit> generated.

Analyzing Entity <mux8> in library <work> (Architecture <behavioral>).
Entity <mux8> analyzed. Unit <mux8> generated.

Analyzing Entity <dataSrcB> in library <work> (Architecture <behavioral>).
Entity <dataSrcB> analyzed. Unit <dataSrcB> generated.


=========================================================================
*                           HDL Synthesis                               *
=========================================================================

Performing bidirectional port resolution...

Synthesizing Unit <decoder_3to8>.
    Related source file is "//tholos.itserv.scss.tcd.ie/ugrad/jfitzpa1/CS/Archit/BLab1/decoder_3to8.vhd".
Unit <decoder_3to8> synthesized.


Synthesizing Unit <mux2_2_1_4_bit>.
    Related source file is "//tholos.itserv.scss.tcd.ie/ugrad/jfitzpa1/CS/Archit/BLab1/mux2_2_1_4_bit.vhd".
Unit <mux2_2_1_4_bit> synthesized.


Synthesizing Unit <mux8>.
    Related source file is "//tholos.itserv.scss.tcd.ie/ugrad/jfitzpa1/CS/Archit/BLab1/mux8.vhd".
Unit <mux8> synthesized.


Synthesizing Unit <dataSrcB>.
    Related source file is "//tholos.itserv.scss.tcd.ie/ugrad/jfitzpa1/CS/Archit/BLab1/dataSrcB.vhd".
Unit <dataSrcB> synthesized.


Synthesizing Unit <register_file>.
    Related source file is "//tholos.itserv.scss.tcd.ie/ugrad/jfitzpa1/CS/Archit/BLab1/register_file.vhd".
Unit <register_file> synthesized.


=========================================================================
HDL Synthesis Report

Found no macro
=========================================================================

=========================================================================
*                       Advanced HDL Synthesis                          *
=========================================================================


=========================================================================
Advanced HDL Synthesis Report

Found no macro
=========================================================================

=========================================================================
*                         Low Level Synthesis                           *
=========================================================================

ERROR:Xst:528 - Multi-source in Unit <register_file> on signal <src_reg<15>>; this signal is connected to multiple drivers.
Drivers are: 
   Signal <Inst_mux4_4bit/Z<15>> is assigned to logic
   Signal <dataSrcB1/Z<15>> is assigned to logic

ERROR:Xst:528 - Multi-source in Unit <register_file> on signal <src_reg<14>>; this signal is connected to multiple drivers.
Drivers are: 
   Signal <Inst_mux4_4bit/Z<14>> is assigned to logic
   Signal <dataSrcB1/Z<14>> is assigned to logic

ERROR:Xst:528 - Multi-source in Unit <register_file> on signal <src_reg<13>>; this signal is connected to multiple drivers.
Drivers are: 
   Signal <Inst_mux4_4bit/Z<13>> is assigned to logic
   Signal <dataSrcB1/Z<13>> is assigned to logic

ERROR:Xst:528 - Multi-source in Unit <register_file> on signal <src_reg<12>>; this signal is connected to multiple drivers.
Drivers are: 
   Signal <Inst_mux4_4bit/Z<12>> is assigned to logic
   Signal <dataSrcB1/Z<12>> is assigned to logic

ERROR:Xst:528 - Multi-source in Unit <register_file> on signal <src_reg<11>>; this signal is connected to multiple drivers.
Drivers are: 
   Signal <Inst_mux4_4bit/Z<11>> is assigned to logic
   Signal <dataSrcB1/Z<11>> is assigned to logic

ERROR:Xst:528 - Multi-source in Unit <register_file> on signal <src_reg<10>>; this signal is connected to multiple drivers.
Drivers are: 
   Signal <Inst_mux4_4bit/Z<10>> is assigned to logic
   Signal <dataSrcB1/Z<10>> is assigned to logic

ERROR:Xst:528 - Multi-source in Unit <register_file> on signal <src_reg<9>>; this signal is connected to multiple drivers.
Drivers are: 
   Signal <Inst_mux4_4bit/Z<9>> is assigned to logic
   Signal <dataSrcB1/Z<9>> is assigned to logic

ERROR:Xst:528 - Multi-source in Unit <register_file> on signal <src_reg<8>>; this signal is connected to multiple drivers.
Drivers are: 
   Signal <Inst_mux4_4bit/Z<8>> is assigned to logic
   Signal <dataSrcB1/Z<8>> is assigned to logic

ERROR:Xst:528 - Multi-source in Unit <register_file> on signal <src_reg<7>>; this signal is connected to multiple drivers.
Drivers are: 
   Signal <Inst_mux4_4bit/Z<7>> is assigned to logic
   Signal <dataSrcB1/Z<7>> is assigned to logic

ERROR:Xst:528 - Multi-source in Unit <register_file> on signal <src_reg<6>>; this signal is connected to multiple drivers.
Drivers are: 
   Signal <Inst_mux4_4bit/Z<6>> is assigned to logic
   Signal <dataSrcB1/Z<6>> is assigned to logic

ERROR:Xst:528 - Multi-source in Unit <register_file> on signal <src_reg<5>>; this signal is connected to multiple drivers.
Drivers are: 
   Signal <Inst_mux4_4bit/Z<5>> is assigned to logic
   Signal <dataSrcB1/Z<5>> is assigned to logic

ERROR:Xst:528 - Multi-source in Unit <register_file> on signal <src_reg<4>>; this signal is connected to multiple drivers.
Drivers are: 
   Signal <Inst_mux4_4bit/Z<4>> is assigned to logic
   Signal <dataSrcB1/Z<4>> is assigned to logic

ERROR:Xst:528 - Multi-source in Unit <register_file> on signal <src_reg<3>>; this signal is connected to multiple drivers.
Drivers are: 
   Signal <Inst_mux4_4bit/Z<3>> is assigned to logic
   Signal <dataSrcB1/Z<3>> is assigned to logic

ERROR:Xst:528 - Multi-source in Unit <register_file> on signal <src_reg<2>>; this signal is connected to multiple drivers.
Drivers are: 
   Signal <Inst_mux4_4bit/Z<2>> is assigned to logic
   Signal <dataSrcB1/Z<2>> is assigned to logic

ERROR:Xst:528 - Multi-source in Unit <register_file> on signal <src_reg<1>>; this signal is connected to multiple drivers.
Drivers are: 
   Signal <Inst_mux4_4bit/Z<1>> is assigned to logic
   Signal <dataSrcB1/Z<1>> is assigned to logic

ERROR:Xst:528 - Multi-source in Unit <register_file> on signal <src_reg<0>>; this signal is connected to multiple drivers.
Drivers are: 
   Signal <Inst_mux4_4bit/Z<0>> is assigned to logic
   Signal <dataSrcB1/Z<0>> is assigned to logic


Total REAL time to Xst completion: 4.00 secs
Total CPU time to Xst completion: 3.73 secs
 
--> 

Total memory usage is 242204 kilobytes

Number of errors   :   16 (   0 filtered)
Number of warnings :    8 (   0 filtered)
Number of infos    :    0 (   0 filtered)

